11:40:24 **** Auto Build of configuration Debug for project mult ****
make pre-build main-build 
a9-linaro-pre-build-step
' '
'Building file: ../src/mult.c'
'Invoking: ARM v7 gcc compiler'
arm-none-eabi-gcc -Wall -O0 -g3 -c -fmessage-length=0 -MT"src/mult.o" -mcpu=cortex-a9 -mfpu=vfpv3 -mfloat-abi=hard -I../../mult_bsp/ps7_cortexa9_0/include -MMD -MP -MF"src/mult.d" -MT"src/mult.o" -o "src/mult.o" "../src/mult.c"
../src/mult.c: In function 'main':
../src/mult.c:8:7: warning: implicit declaration of function 'rand' [-Wimplicit-function-declaration]
   A = rand();
       ^~~~
../src/mult.c:19:10: warning: variable 'done' set but not used [-Wunused-but-set-variable]
   size_t done;
          ^~~~
'Finished building: ../src/mult.c'
' '
'Building target: mult.elf'
'Invoking: ARM v7 gcc linker'
arm-none-eabi-gcc -mcpu=cortex-a9 -mfpu=vfpv3 -mfloat-abi=hard -Wl,-build-id=none -specs=Xilinx.spec -Wl,-T -Wl,../src/lscript.ld -L../../mult_bsp/ps7_cortexa9_0/lib -o "mult.elf"  ./src/mult.o   -Wl,--start-group,-lxil,-lgcc,-lc,--end-group
'Finished building target: mult.elf'
' '
'Invoking: ARM v7 Print Size'
arm-none-eabi-size mult.elf  |tee "mult.elf.size"
   text	   data	    bss	    dec	    hex	filename
  70712	   2580	  23328	  96620	  1796c	mult.elf
'Finished building: mult.elf.size'
' '

11:40:24 Build Finished (took 818ms)

